Job started at: Fri Aug  9 00:08:56 CDT 2024
Step 1 started at: Fri Aug  9 00:08:56 CDT 2024
Step 1 ended at: Fri Aug  9 00:08:56 CDT 2024
Step 2 started at: Fri Aug  9 00:08:56 CDT 2024
Step 2 ended at: Fri Aug  9 00:08:56 CDT 2024
Step 3 started at: Fri Aug  9 00:08:56 CDT 2024
Step 3 ended at: Fri Aug  9 00:08:56 CDT 2024
Step 4 started at: Fri Aug  9 00:08:56 CDT 2024
Step 4 ended at: Fri Aug  9 00:08:56 CDT 2024
Step 5 started at: Fri Aug  9 00:08:56 CDT 2024
Step 5 ended at: Fri Aug  9 00:08:56 CDT 2024
Job ended at: Fri Aug  9 00:08:56 CDT 2024
Job started at: Fri Aug  9 00:09:38 CDT 2024
Step 1 started at: Fri Aug  9 00:09:38 CDT 2024
Step 1 ended at: Fri Aug  9 00:09:38 CDT 2024
Step 2 started at: Fri Aug  9 00:09:38 CDT 2024
Step 2 ended at: Fri Aug  9 00:09:38 CDT 2024
Step 3 started at: Fri Aug  9 00:09:38 CDT 2024
Step 3 ended at: Fri Aug  9 00:09:38 CDT 2024
Step 4 started at: Fri Aug  9 00:09:38 CDT 2024
Step 4 ended at: Fri Aug  9 00:09:38 CDT 2024
Step 5 started at: Fri Aug  9 00:09:39 CDT 2024
Step 5 ended at: Fri Aug  9 00:09:39 CDT 2024
Job ended at: Fri Aug  9 00:09:39 CDT 2024
Job started at: Fri Aug  9 00:12:57 CDT 2024
Step 1 started at: Fri Aug  9 00:12:57 CDT 2024
Step 1 ended at: Fri Aug  9 00:12:57 CDT 2024
Step 2 started at: Fri Aug  9 00:12:57 CDT 2024
Step 2 ended at: Fri Aug  9 00:12:57 CDT 2024
Step 3 started at: Fri Aug  9 00:12:57 CDT 2024
Step 3 ended at: Fri Aug  9 00:12:57 CDT 2024
Step 4 started at: Fri Aug  9 00:12:57 CDT 2024
Step 4 ended at: Fri Aug  9 00:12:57 CDT 2024
Step 5 started at: Fri Aug  9 00:12:57 CDT 2024
Step 5 ended at: Fri Aug  9 00:12:57 CDT 2024
Job ended at: Fri Aug  9 00:12:57 CDT 2024
Job started at: Fri Aug  9 00:15:33 CDT 2024
Job ended at: Fri Aug  9 00:15:33 CDT 2024
Job started at: Fri Aug  9 00:15:59 CDT 2024
Job ended at: Fri Aug  9 00:15:59 CDT 2024
Job started at: Fri Aug  9 00:22:34 CDT 2024
Step 1 started at: Fri Aug  9 00:22:34 CDT 2024
Step 1 ended at: Fri Aug  9 00:28:55 CDT 2024
Step 2 started at: Fri Aug  9 00:28:55 CDT 2024
Step 2 ended at: Fri Aug  9 00:33:17 CDT 2024
Step 3 started at: Fri Aug  9 00:33:17 CDT 2024
Step 3 ended at: Fri Aug  9 00:35:32 CDT 2024
Step 4 started at: Fri Aug  9 00:35:32 CDT 2024
Step 4 ended at: Fri Aug  9 00:51:40 CDT 2024
Step 5 started at: Fri Aug  9 00:51:40 CDT 2024
Step 5 ended at: Fri Aug  9 00:53:35 CDT 2024
Job ended at: Fri Aug  9 00:53:35 CDT 2024
Job started at: Fri Aug  9 09:04:23 CDT 2024
Step 1 started at: Fri Aug  9 09:04:23 CDT 2024
Step 1 ended at: Fri Aug  9 09:07:19 CDT 2024
Step 2 started at: Fri Aug  9 09:07:19 CDT 2024
Step 2 ended at: Fri Aug  9 09:11:37 CDT 2024
Step 3 started at: Fri Aug  9 09:11:37 CDT 2024
Step 3 ended at: Fri Aug  9 09:13:51 CDT 2024
Step 4 started at: Fri Aug  9 09:13:51 CDT 2024
Step 4 ended at: Fri Aug  9 09:29:41 CDT 2024
Step 5 started at: Fri Aug  9 09:29:41 CDT 2024
Step 5 ended at: Fri Aug  9 09:31:34 CDT 2024
Job ended at: Fri Aug  9 09:31:34 CDT 2024
Job started at: Fri Aug  9 14:34:11 UTC 2024
Step 1 started at: Fri Aug  9 14:34:11 UTC 2024
Step 1 ended at: Fri Aug  9 14:43:30 UTC 2024
Step 2 started at: Fri Aug  9 14:43:30 UTC 2024
Step 2 ended at: Fri Aug  9 14:47:50 UTC 2024
Step 3 started at: Fri Aug  9 14:47:50 UTC 2024
Step 3 ended at: Fri Aug  9 14:50:06 UTC 2024
Step 4 started at: Fri Aug  9 14:50:06 UTC 2024
Step 4 ended at: Fri Aug  9 15:03:43 UTC 2024
Step 5 started at: Fri Aug  9 15:03:43 UTC 2024
Step 5 ended at: Fri Aug  9 15:05:37 UTC 2024
Job ended at: Fri Aug  9 15:05:37 UTC 2024
repeat Job started at: Fri Aug  9 10:14:21 CDT 2024
Group e8 e9 finished in 0 seconds
Group e10 e11 finished in 0 seconds
Group e12 finished in 0 seconds
Group e13 e14 finished in 1 seconds
Group e15 finished in 0 seconds
repeat Job ended at: Fri Aug  9 10:14:22 CDT 2024
repeat Job started at: Fri Aug  9 10:17:50 CDT 2024
Group e8 e9 finished in 442 seconds
Group e10 e11 finished in 376 seconds
Group e12 finished in 195 seconds
Group e13 e14 finished in 932 seconds
Group e15 finished in 183 seconds
repeat Job ended at: Fri Aug  9 10:53:18 CDT 2024
Job started at: Fri Aug  9 15:55:32 UTC 2024
Job started at: Fri Aug  9 16:01:17 UTC 2024
step1  finished in 556 seconds
step2  finished in 270 seconds
step3  finished in 142 seconds
step4  finished in 832 seconds
step5  finished in 124 seconds
Job ended at: Fri Aug  9 16:33:21 UTC 2024
Job started at: Fri Aug  9 13:44:43 CDT 2024
step1  finished in 0 seconds
step2  finished in 0 seconds
step3  finished in 1 seconds
step4  finished in 0 seconds
step5  finished in 0 seconds
Job ended at: Fri Aug  9 13:44:44 CDT 2024
Job started at: Fri Aug  9 19:55:33 UTC 2024
Job started at: Fri Aug  9 19:57:41 UTC 2024
Job started at: Fri Aug  9 15:20:27 CDT 2024
step1  finished in 542 seconds
step2  finished in 255 seconds
step3  finished in 131 seconds
step4  finished in 806 seconds
step5  finished in 113 seconds
Job ended at: Fri Aug  9 15:51:14 CDT 2024
