b'Mortality directory: /shared/data/tree_mortality\nResults directory: /shared/data/results\nStarting train_model function...\nInput file: /shared/data/tree_mortality/generated/tree_mortality_training.zarr\nOutput file: /shared/data/results/tree_mortality_loo.npz\nExecuting python script to train model...\nError: Training model failed.\n'
==== sub_path  Directory does not exist: /home/ubuntu/sciunit/tree-mortality/cde-package/cde-root
==== Directory does not exist: /home/ubuntu/sciunit/tree-mortality/cde-package/cde-root
Error in sys.excepthook:
Traceback (most recent call last):
  File "<frozen importlib._bootstrap>", line 1027, in _find_and_load
  File "<frozen importlib._bootstrap>", line 1006, in _find_and_load_unlocked
  File "<frozen importlib._bootstrap>", line 688, in _load_unlocked
  File "<frozen importlib._bootstrap_external>", line 883, in exec_module
  File "<frozen importlib._bootstrap>", line 241, in _call_with_frames_removed
  File "/home/ubuntu/.conda/envs/ecopro/lib/python3.10/site-packages/ray/__init__.py", line 142, in <module>
    from ray import internal  # noqa: E402,F401
ImportError: cannot import name 'internal' from partially initialized module 'ray' (most likely due to a circular import) (/home/ubuntu/.conda/envs/ecopro/lib/python3.10/site-packages/ray/__init__.py)

Original exception was:
Traceback (most recent call last):
  File "/home/ubuntu/Tree-Mortality/src/train_rf_model_ray.py", line 4, in <module>
    import ray
  File "/home/ubuntu/.conda/envs/ecopro/lib/python3.10/site-packages/ray/__init__.py", line 142, in <module>
    from ray import internal  # noqa: E402,F401
ImportError: cannot import name 'internal' from partially initialized module 'ray' (most likely due to a circular import) (/home/ubuntu/.conda/envs/ecopro/lib/python3.10/site-packages/ray/__init__.py)
